<html>
<body>
<pre>
<h1>礦ision Build Log</h1>
<h2>Project:</h2>
E:\stm32\MPU6050\USER\USART.uvproj
Project File Date:  01/22/2013

<h2>Output:</h2>
Build target 'Target 1'
compiling main.c...
main.c(13): warning:  #177-D: variable "t" was declared but never referenced
main.c:         u8 t;
main.c:            ^
main.c(14): warning:  #177-D: variable "len" was declared but never referenced
main.c:         u8 len; 
main.c:            ^
main.c(15): warning:  #177-D: variable "times" was declared but never referenced
main.c:         u16 times=0;    
main.c:             ^
main.c: main.c: 3 warnings, 0 errors
compiling stm32f10x_it.c...
compiling system_stm32f10x.c...
compiling led.c...
compiling key.c...
compiling I2C.c...
compiling MPU6050.c...
compiling delay.c...
compiling sys.c...
compiling usart.c...
compiling core_cm3.c...
assembling startup_stm32f10x_md.s...
compiling misc.c...
compiling stm32f10x_adc.c...
compiling stm32f10x_bkp.c...
compiling stm32f10x_can.c...
compiling stm32f10x_cec.c...
compiling stm32f10x_crc.c...
compiling stm32f10x_dac.c...
compiling stm32f10x_dbgmcu.c...
compiling stm32f10x_dma.c...
compiling stm32f10x_exti.c...
compiling stm32f10x_flash.c...
compiling stm32f10x_fsmc.c...
compiling stm32f10x_gpio.c...
compiling stm32f10x_i2c.c...
compiling stm32f10x_iwdg.c...
compiling stm32f10x_pwr.c...
compiling stm32f10x_rcc.c...
compiling stm32f10x_rtc.c...
compiling stm32f10x_sdio.c...
compiling stm32f10x_spi.c...
compiling stm32f10x_tim.c...
compiling stm32f10x_usart.c...
compiling stm32f10x_wwdg.c...
linking...
Program Size: Code=4728 RO-data=268 RW-data=52 ZI-data=1700  
FromELF: creating hex file...
"USART.axf" - 0 Error(s), 3 Warning(s).
Build target 'Target 1'
linking...
Program Size: Code=4728 RO-data=268 RW-data=52 ZI-data=1700  
FromELF: creating hex file...
"USART.axf" - 0 Error(s), 0 Warning(s).
Build target 'Target 1'
compiling MPU6050.c...
..\HARDWARE\MPU6050\MPU6050.c(27): warning:  #223-D: function "IIC_SendByte" declared implicitly
..\HARDWARE\MPU6050\MPU6050.c:          IIC_SendByte(SlaveAddress+1);  //发送设备地址+读信号
..\HARDWARE\MPU6050\MPU6050.c:          ^
..\HARDWARE\MPU6050\MPU6050.c(28): warning:  #223-D: function "IIC_RecvByte" declared implicitly
..\HARDWARE\MPU6050\MPU6050.c:          REG_data=IIC_RecvByte(1);       //读出寄存器数据        0       ACK   1  NACK
..\HARDWARE\MPU6050\MPU6050.c:                   ^
..\HARDWARE\MPU6050\MPU6050.c: ..\HARDWARE\MPU6050\MPU6050.c: 2 warnings, 0 errors
linking...
USART.axf: Error: L6218E: Undefined symbol IIC_RecvByte (referred from mpu6050.o).
USART.axf: Error: L6218E: Undefined symbol IIC_SendByte (referred from mpu6050.o).
USART.axf: Not enough information to list image symbols.
USART.axf: Finished: 1 information, 0 warning and 2 error messages.
Target not created
Build target 'Target 1'
compiling MPU6050.c...
..\HARDWARE\MPU6050\MPU6050.c(27): warning:  #223-D: function "IIC_SendByte" declared implicitly
..\HARDWARE\MPU6050\MPU6050.c:          IIC_SendByte(SlaveAddress+1);  //发送设备地址+读信号
..\HARDWARE\MPU6050\MPU6050.c:          ^
..\HARDWARE\MPU6050\MPU6050.c: ..\HARDWARE\MPU6050\MPU6050.c: 1 warning, 0 errors
linking...
USART.axf: Error: L6218E: Undefined symbol IIC_SendByte (referred from mpu6050.o).
USART.axf: Not enough information to list image symbols.
USART.axf: Finished: 1 information, 0 warning and 1 error messages.
Target not created
Build target 'Target 1'
compiling MPU6050.c...
linking...
Program Size: Code=4728 RO-data=268 RW-data=52 ZI-data=1700  
FromELF: creating hex file...
"USART.axf" - 0 Error(s), 0 Warning(s).
Build target 'Target 1'
compiling main.c...
main.c(13): warning:  #177-D: variable "t" was declared but never referenced
main.c:         u8 t;
main.c:            ^
main.c(14): warning:  #177-D: variable "len" was declared but never referenced
main.c:         u8 len; 
main.c:            ^
main.c(15): warning:  #177-D: variable "times" was declared but never referenced
main.c:         u16 times=0;    
main.c:             ^
main.c: main.c: 3 warnings, 0 errors
compiling stm32f10x_it.c...
compiling system_stm32f10x.c...
compiling led.c...
Project build/rebuild aborted.
Target not created
Build target 'Target 1'
compiling main.c...
main.c(13): warning:  #177-D: variable "t" was declared but never referenced
main.c:         u8 t;
main.c:            ^
main.c(14): warning:  #177-D: variable "len" was declared but never referenced
main.c:         u8 len; 
main.c:            ^
main.c(15): warning:  #177-D: variable "times" was declared but never referenced
main.c:         u16 times=0;    
main.c:             ^
main.c: main.c: 3 warnings, 0 errors
compiling stm32f10x_it.c...
compiling system_stm32f10x.c...
compiling led.c...
compiling key.c...
compiling I2C.c...
compiling MPU6050.c...
..\HARDWARE\MPU6050\MPU6050.c(50): warning:  #223-D: function "delay_us" declared implicitly
..\HARDWARE\MPU6050\MPU6050.c:           delay_us(5);        //上电延时        
..\HARDWARE\MPU6050\MPU6050.c:           ^
..\HARDWARE\MPU6050\MPU6050.c: ..\HARDWARE\MPU6050\MPU6050.c: 1 warning, 0 errors
compiling delay.c...
compiling sys.c...
compiling usart.c...
compiling core_cm3.c...
assembling startup_stm32f10x_md.s...
compiling misc.c...
compiling stm32f10x_adc.c...
compiling stm32f10x_bkp.c...
compiling stm32f10x_can.c...
compiling stm32f10x_cec.c...
compiling stm32f10x_crc.c...
compiling stm32f10x_dac.c...
compiling stm32f10x_dbgmcu.c...
compiling stm32f10x_dma.c...
compiling stm32f10x_exti.c...
compiling stm32f10x_flash.c...
compiling stm32f10x_fsmc.c...
compiling stm32f10x_gpio.c...
compiling stm32f10x_i2c.c...
compiling stm32f10x_iwdg.c...
compiling stm32f10x_pwr.c...
compiling stm32f10x_rcc.c...
compiling stm32f10x_rtc.c...
compiling stm32f10x_sdio.c...
compiling stm32f10x_spi.c...
compiling stm32f10x_tim.c...
compiling stm32f10x_usart.c...
compiling stm32f10x_wwdg.c...
linking...
Program Size: Code=4728 RO-data=268 RW-data=52 ZI-data=1700  
FromELF: creating hex file...
"USART.axf" - 0 Error(s), 4 Warning(s).
Build target 'Target 1'
compiling main.c...
main.c(13): warning:  #177-D: variable "t" was declared but never referenced
main.c:         u8 t;
main.c:            ^
main.c(14): warning:  #177-D: variable "len" was declared but never referenced
main.c:         u8 len; 
main.c:            ^
main.c(15): warning:  #177-D: variable "times" was declared but never referenced
main.c:         u16 times=0;    
main.c:             ^
main.c: main.c: 3 warnings, 0 errors
compiling stm32f10x_it.c...
compiling system_stm32f10x.c...
compiling led.c...
compiling key.c...
compiling I2C.c...
compiling MPU6050.c...
..\HARDWARE\MPU6050\MPU6050.c(50): warning:  #223-D: function "delay_us" declared implicitly
..\HARDWARE\MPU6050\MPU6050.c:           delay_us(5);        //上电延时        
..\HARDWARE\MPU6050\MPU6050.c:           ^
..\HARDWARE\MPU6050\MPU6050.c: ..\HARDWARE\MPU6050\MPU6050.c: 1 warning, 0 errors
compiling delay.c...
compiling sys.c...
compiling usart.c...
compiling core_cm3.c...
assembling startup_stm32f10x_md.s...
compiling misc.c...
compiling stm32f10x_adc.c...
compiling stm32f10x_bkp.c...
compiling stm32f10x_can.c...
compiling stm32f10x_cec.c...
compiling stm32f10x_crc.c...
compiling stm32f10x_dac.c...
compiling stm32f10x_dbgmcu.c...
compiling stm32f10x_dma.c...
compiling stm32f10x_exti.c...
compiling stm32f10x_flash.c...
compiling stm32f10x_fsmc.c...
compiling stm32f10x_gpio.c...
compiling stm32f10x_i2c.c...
compiling stm32f10x_iwdg.c...
compiling stm32f10x_pwr.c...
compiling stm32f10x_rcc.c...
compiling stm32f10x_rtc.c...
compiling stm32f10x_sdio.c...
compiling stm32f10x_spi.c...
compiling stm32f10x_tim.c...
compiling stm32f10x_usart.c...
compiling stm32f10x_wwdg.c...
linking...
Program Size: Code=4728 RO-data=268 RW-data=52 ZI-data=1700  
FromELF: creating hex file...
"USART.axf" - 0 Error(s), 4 Warning(s).
Build target 'Target 1'
compiling main.c...
main.c(22): warning:  #223-D: function "InitMPU6050" declared implicitly
main.c:         InitMPU6050();
main.c:         ^
main.c(25): warning:  #223-D: function "GetData" declared implicitly
main.c:                 acc_x= GetData(ACCEL_XOUT_H);
main.c:                        ^
main.c(25): error:  #20: identifier "ACCEL_XOUT_H" is undefined
main.c:                 acc_x= GetData(ACCEL_XOUT_H);
main.c:                                ^
main.c(26): error:  #20: identifier "ACCEL_YOUT_H" is undefined
main.c:                 acc_y= GetData(ACCEL_YOUT_H);
main.c:                                ^
main.c(27): error:  #20: identifier "ACCEL_ZOUT_H" is undefined
main.c:                 acc_z= GetData(ACCEL_ZOUT_H);
main.c:                                ^
main.c(28): error:  #20: identifier "GYRO_XOUT_H" is undefined
main.c:                 gy_x= GetData(GYRO_XOUT_H);
main.c:                               ^
main.c(29): error:  #20: identifier "GYRO_YOUT_H" is undefined
main.c:                 gy_y= GetData(GYRO_YOUT_H);
main.c:                               ^
main.c(30): error:  #20: identifier "GYRO_ZOUT_H" is undefined
main.c:                 gy_z= GetData(GYRO_ZOUT_H);
main.c:                               ^
main.c(13): warning:  #177-D: variable "t" was declared but never referenced
main.c:         u8 t;
main.c:            ^
main.c(14): warning:  #177-D: variable "len" was declared but never referenced
main.c:         u8 len; 
main.c:            ^
main.c(15): warning:  #177-D: variable "times" was declared but never referenced
main.c:         u16 times=0;  
main.c:             ^
main.c: main.c: 5 warnings, 6 errors
compiling stm32f10x_it.c...
compiling system_stm32f10x.c...
compiling led.c...
compiling key.c...
compiling I2C.c...
compiling MPU6050.c...
..\HARDWARE\MPU6050\MPU6050.c(47): warning:  #177-D: variable "i" was declared but never referenced
..\HARDWARE\MPU6050\MPU6050.c:       u32 i;
..\HARDWARE\MPU6050\MPU6050.c:           ^
..\HARDWARE\MPU6050\MPU6050.c: ..\HARDWARE\MPU6050\MPU6050.c: 1 warning, 0 errors
compiling delay.c...
compiling sys.c...
compiling usart.c...
compiling core_cm3.c...
assembling startup_stm32f10x_md.s...
compiling misc.c...
compiling stm32f10x_adc.c...
compiling stm32f10x_bkp.c...
compiling stm32f10x_can.c...
compiling stm32f10x_cec.c...
compiling stm32f10x_crc.c...
compiling stm32f10x_dac.c...
compiling stm32f10x_dbgmcu.c...
compiling stm32f10x_dma.c...
compiling stm32f10x_exti.c...
compiling stm32f10x_flash.c...
compiling stm32f10x_fsmc.c...
compiling stm32f10x_gpio.c...
compiling stm32f10x_i2c.c...
compiling stm32f10x_iwdg.c...
compiling stm32f10x_pwr.c...
compiling stm32f10x_rcc.c...
compiling stm32f10x_rtc.c...
compiling stm32f10x_sdio.c...
compiling stm32f10x_spi.c...
compiling stm32f10x_tim.c...
compiling stm32f10x_usart.c...
compiling stm32f10x_wwdg.c...
Target not created
Build target 'Target 1'
compiling main.c...
main.c(13): warning:  #177-D: variable "t" was declared but never referenced
main.c:         u8 t;
main.c:            ^
main.c(14): warning:  #177-D: variable "len" was declared but never referenced
main.c:         u8 len; 
main.c:            ^
main.c(15): warning:  #177-D: variable "times" was declared but never referenced
main.c:         u16 times=0;  
main.c:             ^
main.c: main.c: 3 warnings, 0 errors
compiling stm32f10x_it.c...
compiling system_stm32f10x.c...
compiling led.c...
compiling key.c...
compiling I2C.c...
compiling MPU6050.c...
compiling delay.c...
compiling sys.c...
compiling usart.c...
compiling core_cm3.c...
assembling startup_stm32f10x_md.s...
compiling misc.c...
compiling stm32f10x_adc.c...
compiling stm32f10x_bkp.c...
compiling stm32f10x_can.c...
compiling stm32f10x_cec.c...
compiling stm32f10x_crc.c...
compiling stm32f10x_dac.c...
compiling stm32f10x_dbgmcu.c...
compiling stm32f10x_dma.c...
compiling stm32f10x_exti.c...
compiling stm32f10x_flash.c...
compiling stm32f10x_fsmc.c...
compiling stm32f10x_gpio.c...
compiling stm32f10x_i2c.c...
compiling stm32f10x_iwdg.c...
compiling stm32f10x_pwr.c...
compiling stm32f10x_rcc.c...
compiling stm32f10x_rtc.c...
compiling stm32f10x_sdio.c...
compiling stm32f10x_spi.c...
compiling stm32f10x_tim.c...
compiling stm32f10x_usart.c...
compiling stm32f10x_wwdg.c...
linking...
Program Size: Code=6048 RO-data=268 RW-data=52 ZI-data=1700  
FromELF: creating hex file...
"USART.axf" - 0 Error(s), 3 Warning(s).
Build target 'Target 1'
compiling main.c...
main.c(13): warning:  #177-D: variable "t" was declared but never referenced
main.c:         u8 t;
main.c:            ^
main.c(14): warning:  #177-D: variable "len" was declared but never referenced
main.c:         u8 len; 
main.c:            ^
main.c(15): warning:  #177-D: variable "times" was declared but never referenced
main.c:         u16 times=0;  
main.c:             ^
main.c: main.c: 3 warnings, 0 errors
compiling stm32f10x_it.c...
compiling system_stm32f10x.c...
compiling led.c...
compiling key.c...
compiling I2C.c...
compiling MPU6050.c...
compiling delay.c...
compiling sys.c...
compiling usart.c...
compiling core_cm3.c...
assembling startup_stm32f10x_md.s...
compiling misc.c...
compiling stm32f10x_adc.c...
compiling stm32f10x_bkp.c...
compiling stm32f10x_can.c...
compiling stm32f10x_cec.c...
compiling stm32f10x_crc.c...
compiling stm32f10x_dac.c...
compiling stm32f10x_dbgmcu.c...
compiling stm32f10x_dma.c...
compiling stm32f10x_exti.c...
compiling stm32f10x_flash.c...
compiling stm32f10x_fsmc.c...
compiling stm32f10x_gpio.c...
compiling stm32f10x_i2c.c...
compiling stm32f10x_iwdg.c...
compiling stm32f10x_pwr.c...
compiling stm32f10x_rcc.c...
compiling stm32f10x_rtc.c...
compiling stm32f10x_sdio.c...
compiling stm32f10x_spi.c...
compiling stm32f10x_tim.c...
compiling stm32f10x_usart.c...
compiling stm32f10x_wwdg.c...
linking...
Program Size: Code=6048 RO-data=268 RW-data=52 ZI-data=1700  
FromELF: creating hex file...
"USART.axf" - 0 Error(s), 3 Warning(s).
Clean started: Project: 'USART'
   deleting intermediate output files for target 'Target 1'
